> Task :app:preBuild UP-TO-DATE
> Task :app:preDebugBuild UP-TO-DATE
> Task :app:mergeDebugNativeDebugMetadata NO-SOURCE
> Task :app:javaPreCompileDebug UP-TO-DATE
> Task :app:checkDebugAarMetadata UP-TO-DATE
> Task :app:processDebugNavigationResources UP-TO-DATE
> Task :app:compileDebugNavigationResources UP-TO-DATE
> Task :app:generateDebugResValues UP-TO-DATE
> Task :app:mapDebugSourceSetPaths UP-TO-DATE
> Task :app:generateDebugResources UP-TO-DATE
> Task :app:mergeDebugResources UP-TO-DATE
> Task :app:packageDebugResources UP-TO-DATE
> Task :app:parseDebugLocalResources UP-TO-DATE
> Task :app:createDebugCompatibleScreenManifests UP-TO-DATE
> Task :app:extractDeepLinksDebug UP-TO-DATE
> Task :app:processDebugMainManifest UP-TO-DATE
> Task :app:processDebugManifest UP-TO-DATE
> Task :app:processDebugManifestForPackage UP-TO-DATE
> Task :app:processDebugResources UP-TO-DATE

> Task :app:compileDebugJavaWithJavac FAILED
C:\Users\User\Documents\GitHub\Simulaciones_Proyectos\MiVigesimaNovenaApp\app\src\main\java\com\curso_simulaciones\mivigesimanovenaapp\actividades_secundarias\ActividadDesplegadoraDatos.java:147: error: cannot find symbol
        seccion_central.addView(graficador, parametros_grafica);
        ^
  symbol:   variable seccion_central
  location: class ActividadDesplegadoraDatos
C:\Users\User\Documents\GitHub\Simulaciones_Proyectos\MiVigesimaNovenaApp\app\src\main\java\com\curso_simulaciones\mivigesimanovenaapp\actividades_secundarias\ActividadDesplegadoraDatos.java:168: error: cannot find symbol
        seccion_derecha.addView(bx);
        ^
  symbol:   variable seccion_derecha
  location: class ActividadDesplegadoraDatos
C:\Users\User\Documents\GitHub\Simulaciones_Proyectos\MiVigesimaNovenaApp\app\src\main\java\com\curso_simulaciones\mivigesimanovenaapp\actividades_secundarias\ActividadDesplegadoraDatos.java:169: error: cannot find symbol
        seccion_derecha.addView(by);
        ^
  symbol:   variable seccion_derecha
  location: class ActividadDesplegadoraDatos
C:\Users\User\Documents\GitHub\Simulaciones_Proyectos\MiVigesimaNovenaApp\app\src\main\java\com\curso_simulaciones\mivigesimanovenaapp\actividades_secundarias\ActividadDesplegadoraDatos.java:170: error: cannot find symbol
        seccion_derecha.addView(bz);
        ^
  symbol:   variable seccion_derecha
  location: class ActividadDesplegadoraDatos
C:\Users\User\Documents\GitHub\Simulaciones_Proyectos\MiVigesimaNovenaApp\app\src\main\java\com\curso_simulaciones\mivigesimanovenaapp\actividades_secundarias\ActividadDesplegadoraDatos.java:171: error: cannot find symbol
        seccion_derecha.addView(b);
        ^
  symbol:   variable seccion_derecha
  location: class ActividadDesplegadoraDatos
Note: Some input files use or override a deprecated API.
Note: Recompile with -Xlint:deprecation for details.
Note: Some input files use unchecked or unsafe operations.
Note: Recompile with -Xlint:unchecked for details.
5 errors

[Incubating] Problems report is available at: file:///C:/Users/User/Documents/GitHub/Simulaciones_Proyectos/MiVigesimaNovenaApp/build/reports/problems/problems-report.html

FAILURE: Build failed with an exception.

* What went wrong:
Execution failed for task ':app:compileDebugJavaWithJavac'.
> Compilation failed; see the compiler output below.
  C:\Users\User\Documents\GitHub\Simulaciones_Proyectos\MiVigesimaNovenaApp\app\src\main\java\com\curso_simulaciones\mivigesimanovenaapp\actividades_secundarias\ActividadDesplegadoraDatos.java:147: error: cannot find symbol
          seccion_central.addView(graficador, parametros_grafica);
          ^
    symbol:   variable seccion_central
    location: class ActividadDesplegadoraDatos
  C:\Users\User\Documents\GitHub\Simulaciones_Proyectos\MiVigesimaNovenaApp\app\src\main\java\com\curso_simulaciones\mivigesimanovenaapp\actividades_secundarias\ActividadDesplegadoraDatos.java:168: error: cannot find symbol
          seccion_derecha.addView(bx);
          ^
    symbol:   variable seccion_derecha
    location: class ActividadDesplegadoraDatos
  C:\Users\User\Documents\GitHub\Simulaciones_Proyectos\MiVigesimaNovenaApp\app\src\main\java\com\curso_simulaciones\mivigesimanovenaapp\actividades_secundarias\ActividadDesplegadoraDatos.java:169: error: cannot find symbol
          seccion_derecha.addView(by);
          ^
    symbol:   variable seccion_derecha
    location: class ActividadDesplegadoraDatos
  C:\Users\User\Documents\GitHub\Simulaciones_Proyectos\MiVigesimaNovenaApp\app\src\main\java\com\curso_simulaciones\mivigesimanovenaapp\actividades_secundarias\ActividadDesplegadoraDatos.java:170: error: cannot find symbol
          seccion_derecha.addView(bz);
          ^
    symbol:   variable seccion_derecha
    location: class ActividadDesplegadoraDatos
  C:\Users\User\Documents\GitHub\Simulaciones_Proyectos\MiVigesimaNovenaApp\app\src\main\java\com\curso_simulaciones\mivigesimanovenaapp\actividades_secundarias\ActividadDesplegadoraDatos.java:171: error: cannot find symbol
          seccion_derecha.addView(b);
          ^
    symbol:   variable seccion_derecha
    location: class ActividadDesplegadoraDatos
  Note: Some input files use or override a deprecated API.
  Note: Recompile with -Xlint:deprecation for details.
  Note: Some input files use unchecked or unsafe operations.
  Note: Recompile with -Xlint:unchecked for details.
  5 errors

* Try:
> Check your code and dependencies to fix the compilation error(s)
> Run with --scan to get full insights.

BUILD FAILED in 3s
17 actionable tasks: 1 executed, 16 up-to-date
